// Jest Snapshot v1, https://goo.gl/fbAQLP

exports[`Simple Model model renders properly 1`] = `
<div
  className="css-l3rx45"
>
  <div
    className="css-14lu1a5"
  >
    <div
      className="css-15yps5k"
    />
    <div
      className="css-15yps5k"
    />
    <div
      className="css-15yps5k"
    />
    <div
      className="css-15yps5k"
    />
    <div
      className="css-15yps5k"
    />
    <div
      className="css-15yps5k"
    />
    <div
      className="css-15yps5k"
    />
    <div
      className="css-15yps5k"
    />
    <div
      className="css-15yps5k"
    />
    <div
      className="css-15yps5k"
    />
  </div>
  <div
    className="css-14lu1a5"
  >
    <div
      className="css-15yps5k"
    />
    <div
      className="css-1hzvbw9"
    />
    <div
      className="css-1hzvbw9"
    />
    <div
      className="css-1hzvbw9"
    />
    <div
      className="css-1hzvbw9"
    />
    <div
      className="css-1hzvbw9"
    />
    <div
      className="css-1hzvbw9"
    />
    <div
      className="css-1hzvbw9"
    />
    <div
      className="css-1hzvbw9"
    />
    <div
      className="css-1hzvbw9"
    />
  </div>
  <div
    className="css-14lu1a5"
  >
    <div
      className="css-1hzvbw9"
    />
    <div
      className="css-1hzvbw9"
    />
    <div
      className="css-1hzvbw9"
    />
    <div
      className="css-1hzvbw9"
    />
    <div
      className="css-1hzvbw9"
    />
    <div
      className="css-1hzvbw9"
    />
    <div
      className="css-1hzvbw9"
    />
    <div
      className="css-1hzvbw9"
    />
    <div
      className="css-1hzvbw9"
    />
    <div
      className="css-1hzvbw9"
    />
  </div>
  <div
    className="css-14lu1a5"
  >
    <div
      className="css-1hzvbw9"
    />
    <div
      className="css-1hzvbw9"
    />
    <div
      className="css-1hzvbw9"
    />
    <div
      className="css-1hzvbw9"
    />
    <div
      className="css-1hzvbw9"
    />
    <div
      className="css-1hzvbw9"
    />
    <div
      className="css-1hzvbw9"
    />
    <div
      className="css-1hzvbw9"
    />
    <div
      className="css-1hzvbw9"
    />
    <div
      className="css-1hzvbw9"
    />
  </div>
  <div
    className="css-14lu1a5"
  >
    <div
      className="css-1hzvbw9"
    />
    <div
      className="css-1hzvbw9"
    />
    <div
      className="css-1hzvbw9"
    />
    <div
      className="css-1hzvbw9"
    />
    <div
      className="css-1hzvbw9"
    />
    <div
      className="css-1hzvbw9"
    />
    <div
      className="css-1hzvbw9"
    />
    <div
      className="css-1hzvbw9"
    />
    <div
      className="css-1hzvbw9"
    />
    <div
      className="css-1hzvbw9"
    />
  </div>
  <div
    className="css-14lu1a5"
  >
    <div
      className="css-1hzvbw9"
    />
    <div
      className="css-1hzvbw9"
    />
    <div
      className="css-1hzvbw9"
    />
    <div
      className="css-1hzvbw9"
    />
    <div
      className="css-1hzvbw9"
    />
    <div
      className="css-1hzvbw9"
    />
    <div
      className="css-1hzvbw9"
    />
    <div
      className="css-1hzvbw9"
    />
    <div
      className="css-1hzvbw9"
    />
    <div
      className="css-1hzvbw9"
    />
  </div>
  <div
    className="css-14lu1a5"
  >
    <div
      className="css-1hzvbw9"
    />
    <div
      className="css-1hzvbw9"
    />
    <div
      className="css-1hzvbw9"
    />
    <div
      className="css-1hzvbw9"
    />
    <div
      className="css-1hzvbw9"
    />
    <div
      className="css-1hzvbw9"
    />
    <div
      className="css-1hzvbw9"
    />
    <div
      className="css-1hzvbw9"
    />
    <div
      className="css-1hzvbw9"
    />
    <div
      className="css-1hzvbw9"
    />
  </div>
  <div
    className="css-14lu1a5"
  >
    <div
      className="css-1hzvbw9"
    />
    <div
      className="css-1hzvbw9"
    />
    <div
      className="css-1hzvbw9"
    />
    <div
      className="css-1hzvbw9"
    />
    <div
      className="css-1hzvbw9"
    />
    <div
      className="css-1hzvbw9"
    />
    <div
      className="css-1hzvbw9"
    />
    <div
      className="css-1hzvbw9"
    />
    <div
      className="css-1hzvbw9"
    />
    <div
      className="css-1hzvbw9"
    />
  </div>
  <div
    className="css-14lu1a5"
  >
    <div
      className="css-1hzvbw9"
    />
    <div
      className="css-1hzvbw9"
    />
    <div
      className="css-1hzvbw9"
    />
    <div
      className="css-1hzvbw9"
    />
    <div
      className="css-1hzvbw9"
    />
    <div
      className="css-1hzvbw9"
    />
    <div
      className="css-1hzvbw9"
    />
    <div
      className="css-1hzvbw9"
    />
    <div
      className="css-1hzvbw9"
    />
    <div
      className="css-1hzvbw9"
    />
  </div>
  <div
    className="css-14lu1a5"
  >
    <div
      className="css-1hzvbw9"
    />
    <div
      className="css-1hzvbw9"
    />
    <div
      className="css-1hzvbw9"
    />
    <div
      className="css-1hzvbw9"
    />
    <div
      className="css-1hzvbw9"
    />
    <div
      className="css-1hzvbw9"
    />
    <div
      className="css-1hzvbw9"
    />
    <div
      className="css-1hzvbw9"
    />
    <div
      className="css-1hzvbw9"
    />
    <div
      className="css-1hzvbw9"
    />
  </div>
</div>
`;
