// Jest Snapshot v1, https://goo.gl/fbAQLP

exports[`Snake data function works - game 1`] = `
Object {
  "actionGrid": Array [
    Array [
      2,
      3,
      3,
      3,
      2,
      3,
      2,
      3,
      2,
      3,
    ],
    Array [
      2,
      1,
      2,
      0,
      2,
      0,
      3,
      0,
      3,
      0,
    ],
    Array [
      2,
      0,
      2,
      0,
      1,
      1,
      1,
      2,
      1,
      0,
    ],
    Array [
      2,
      0,
      2,
      0,
      3,
      3,
      3,
      3,
      0,
      3,
    ],
    Array [
      2,
      0,
      1,
      1,
      1,
      1,
      1,
      1,
      1,
      0,
    ],
    Array [
      2,
      0,
      2,
      3,
      3,
      3,
      3,
      3,
      3,
      3,
    ],
    Array [
      2,
      0,
      2,
      1,
      2,
      1,
      2,
      1,
      2,
      0,
    ],
    Array [
      2,
      0,
      1,
      0,
      1,
      0,
      1,
      0,
      2,
      0,
    ],
    Array [
      2,
      0,
      3,
      3,
      3,
      3,
      3,
      3,
      3,
      0,
    ],
    Array [
      1,
      1,
      1,
      1,
      1,
      1,
      1,
      1,
      1,
      0,
    ],
  ],
  "bestPath": false,
  "direction": 1,
  "fruit": Array [
    7,
    9,
  ],
  "grid": Array [
    Array [
      0,
      0,
      0,
      0,
      0,
      0,
      0,
      0,
      0,
      0,
    ],
    Array [
      0,
      0,
      0,
      0,
      0,
      0,
      0,
      0,
      0,
      0,
    ],
    Array [
      0,
      0,
      0,
      0,
      4,
      3,
      2,
      1,
      0,
      0,
    ],
    Array [
      0,
      0,
      0,
      0,
      0,
      0,
      0,
      0,
      0,
      0,
    ],
    Array [
      0,
      0,
      0,
      0,
      0,
      0,
      0,
      0,
      0,
      0,
    ],
    Array [
      0,
      0,
      0,
      0,
      0,
      0,
      0,
      0,
      0,
      0,
    ],
    Array [
      0,
      0,
      0,
      0,
      0,
      0,
      0,
      0,
      0,
      0,
    ],
    Array [
      0,
      0,
      0,
      0,
      0,
      0,
      0,
      0,
      0,
      0,
    ],
    Array [
      0,
      0,
      0,
      0,
      0,
      0,
      0,
      0,
      0,
      0,
    ],
    Array [
      0,
      0,
      0,
      0,
      0,
      0,
      0,
      0,
      0,
      0,
    ],
  ],
  "head": Array [
    7,
    2,
  ],
  "length": 4,
  "snakePath": Array [
    Array [
      4,
      2,
    ],
    Array [
      5,
      2,
    ],
    Array [
      6,
      2,
    ],
    Array [
      7,
      2,
    ],
  ],
}
`;

exports[`Snake data function works - game 2`] = `
Object {
  "actionGrid": Array [
    Array [
      2,
      3,
      3,
      3,
      2,
      3,
      2,
      3,
      2,
      3,
    ],
    Array [
      2,
      1,
      2,
      0,
      2,
      0,
      3,
      0,
      3,
      0,
    ],
    Array [
      2,
      0,
      2,
      0,
      1,
      1,
      1,
      2,
      1,
      0,
    ],
    Array [
      2,
      0,
      2,
      0,
      3,
      3,
      3,
      3,
      0,
      3,
    ],
    Array [
      2,
      0,
      1,
      1,
      1,
      1,
      1,
      1,
      1,
      0,
    ],
    Array [
      2,
      0,
      2,
      3,
      3,
      3,
      3,
      3,
      3,
      3,
    ],
    Array [
      2,
      0,
      2,
      1,
      2,
      1,
      2,
      1,
      2,
      0,
    ],
    Array [
      2,
      0,
      1,
      0,
      1,
      0,
      1,
      0,
      2,
      0,
    ],
    Array [
      2,
      0,
      3,
      3,
      3,
      3,
      3,
      3,
      3,
      0,
    ],
    Array [
      1,
      1,
      1,
      1,
      1,
      1,
      1,
      1,
      1,
      0,
    ],
  ],
  "bestPath": false,
  "direction": 1,
  "fruit": Array [
    7,
    9,
  ],
  "grid": Array [
    Array [
      0,
      0,
      0,
      0,
      0,
      0,
      0,
      0,
      0,
      0,
    ],
    Array [
      0,
      0,
      0,
      0,
      0,
      0,
      0,
      0,
      0,
      0,
    ],
    Array [
      0,
      0,
      0,
      0,
      0,
      4,
      3,
      2,
      1,
      0,
    ],
    Array [
      0,
      0,
      0,
      0,
      0,
      0,
      0,
      0,
      0,
      0,
    ],
    Array [
      0,
      0,
      0,
      0,
      0,
      0,
      0,
      0,
      0,
      0,
    ],
    Array [
      0,
      0,
      0,
      0,
      0,
      0,
      0,
      0,
      0,
      0,
    ],
    Array [
      0,
      0,
      0,
      0,
      0,
      0,
      0,
      0,
      0,
      0,
    ],
    Array [
      0,
      0,
      0,
      0,
      0,
      0,
      0,
      0,
      0,
      0,
    ],
    Array [
      0,
      0,
      0,
      0,
      0,
      0,
      0,
      0,
      0,
      0,
    ],
    Array [
      0,
      0,
      0,
      0,
      0,
      0,
      0,
      0,
      0,
      0,
    ],
  ],
  "head": Array [
    8,
    2,
  ],
  "length": 4,
  "snakePath": Array [
    Array [
      5,
      2,
    ],
    Array [
      6,
      2,
    ],
    Array [
      7,
      2,
    ],
    Array [
      8,
      2,
    ],
  ],
}
`;

exports[`Snake data function works - game 3`] = `
Object {
  "actionGrid": Array [
    Array [
      1,
      1,
      1,
      1,
      1,
      1,
      1,
      1,
      1,
      2,
    ],
    Array [
      0,
      2,
      3,
      3,
      3,
      2,
      3,
      3,
      3,
      3,
    ],
    Array [
      0,
      2,
      1,
      2,
      0,
      2,
      1,
      1,
      1,
      2,
    ],
    Array [
      0,
      2,
      0,
      2,
      0,
      2,
      0,
      3,
      3,
      2,
    ],
    Array [
      0,
      2,
      0,
      2,
      0,
      1,
      2,
      1,
      0,
      2,
    ],
    Array [
      0,
      2,
      0,
      2,
      0,
      3,
      2,
      0,
      3,
      2,
    ],
    Array [
      0,
      2,
      0,
      1,
      1,
      0,
      2,
      1,
      0,
      2,
    ],
    Array [
      0,
      2,
      0,
      3,
      3,
      3,
      3,
      0,
      3,
      2,
    ],
    Array [
      0,
      1,
      1,
      1,
      1,
      1,
      1,
      1,
      0,
      2,
    ],
    Array [
      0,
      3,
      3,
      3,
      3,
      3,
      3,
      3,
      3,
      3,
    ],
  ],
  "bestPath": true,
  "direction": 2,
  "fruit": Array [
    7,
    9,
  ],
  "grid": Array [
    Array [
      0,
      0,
      0,
      0,
      0,
      0,
      0,
      0,
      0,
      0,
    ],
    Array [
      0,
      0,
      0,
      0,
      0,
      0,
      0,
      0,
      0,
      0,
    ],
    Array [
      0,
      0,
      0,
      0,
      0,
      0,
      4,
      3,
      2,
      1,
    ],
    Array [
      0,
      0,
      0,
      0,
      0,
      0,
      0,
      0,
      0,
      0,
    ],
    Array [
      0,
      0,
      0,
      0,
      0,
      0,
      0,
      0,
      0,
      0,
    ],
    Array [
      0,
      0,
      0,
      0,
      0,
      0,
      0,
      0,
      0,
      0,
    ],
    Array [
      0,
      0,
      0,
      0,
      0,
      0,
      0,
      0,
      0,
      0,
    ],
    Array [
      0,
      0,
      0,
      0,
      0,
      0,
      0,
      0,
      0,
      0,
    ],
    Array [
      0,
      0,
      0,
      0,
      0,
      0,
      0,
      0,
      0,
      0,
    ],
    Array [
      0,
      0,
      0,
      0,
      0,
      0,
      0,
      0,
      0,
      0,
    ],
  ],
  "head": Array [
    9,
    2,
  ],
  "length": 4,
  "snakePath": Array [
    Array [
      6,
      2,
    ],
    Array [
      7,
      2,
    ],
    Array [
      8,
      2,
    ],
    Array [
      9,
      2,
    ],
  ],
}
`;

exports[`Snake data function works - game 4`] = `
Object {
  "actionGrid": Array [
    Array [
      1,
      1,
      1,
      1,
      1,
      1,
      1,
      1,
      1,
      2,
    ],
    Array [
      0,
      2,
      3,
      3,
      3,
      2,
      3,
      3,
      3,
      3,
    ],
    Array [
      0,
      2,
      1,
      2,
      0,
      2,
      1,
      1,
      1,
      2,
    ],
    Array [
      0,
      2,
      0,
      2,
      0,
      2,
      0,
      3,
      3,
      2,
    ],
    Array [
      0,
      2,
      0,
      2,
      0,
      1,
      2,
      1,
      0,
      2,
    ],
    Array [
      0,
      2,
      0,
      2,
      0,
      3,
      2,
      0,
      3,
      2,
    ],
    Array [
      0,
      2,
      0,
      1,
      1,
      0,
      2,
      1,
      0,
      2,
    ],
    Array [
      0,
      2,
      0,
      3,
      3,
      3,
      3,
      0,
      3,
      2,
    ],
    Array [
      0,
      1,
      1,
      1,
      1,
      1,
      1,
      1,
      0,
      2,
    ],
    Array [
      0,
      3,
      3,
      3,
      3,
      3,
      3,
      3,
      3,
      3,
    ],
  ],
  "bestPath": true,
  "direction": 2,
  "fruit": Array [
    7,
    9,
  ],
  "grid": Array [
    Array [
      0,
      0,
      0,
      0,
      0,
      0,
      0,
      0,
      0,
      0,
    ],
    Array [
      0,
      0,
      0,
      0,
      0,
      0,
      0,
      0,
      0,
      0,
    ],
    Array [
      0,
      0,
      0,
      0,
      0,
      0,
      0,
      4,
      3,
      2,
    ],
    Array [
      0,
      0,
      0,
      0,
      0,
      0,
      0,
      0,
      0,
      1,
    ],
    Array [
      0,
      0,
      0,
      0,
      0,
      0,
      0,
      0,
      0,
      0,
    ],
    Array [
      0,
      0,
      0,
      0,
      0,
      0,
      0,
      0,
      0,
      0,
    ],
    Array [
      0,
      0,
      0,
      0,
      0,
      0,
      0,
      0,
      0,
      0,
    ],
    Array [
      0,
      0,
      0,
      0,
      0,
      0,
      0,
      0,
      0,
      0,
    ],
    Array [
      0,
      0,
      0,
      0,
      0,
      0,
      0,
      0,
      0,
      0,
    ],
    Array [
      0,
      0,
      0,
      0,
      0,
      0,
      0,
      0,
      0,
      0,
    ],
  ],
  "head": Array [
    9,
    3,
  ],
  "length": 4,
  "snakePath": Array [
    Array [
      7,
      2,
    ],
    Array [
      8,
      2,
    ],
    Array [
      9,
      2,
    ],
    Array [
      9,
      3,
    ],
  ],
}
`;

exports[`Snake data function works - game 5`] = `
Object {
  "actionGrid": Array [
    Array [
      1,
      1,
      1,
      1,
      1,
      1,
      1,
      1,
      1,
      2,
    ],
    Array [
      0,
      2,
      3,
      3,
      3,
      2,
      3,
      3,
      3,
      3,
    ],
    Array [
      0,
      2,
      1,
      2,
      0,
      2,
      1,
      1,
      1,
      2,
    ],
    Array [
      0,
      2,
      0,
      2,
      0,
      2,
      0,
      3,
      3,
      2,
    ],
    Array [
      0,
      2,
      0,
      2,
      0,
      1,
      2,
      1,
      0,
      2,
    ],
    Array [
      0,
      2,
      0,
      2,
      0,
      3,
      2,
      0,
      3,
      2,
    ],
    Array [
      0,
      2,
      0,
      1,
      1,
      0,
      2,
      1,
      0,
      2,
    ],
    Array [
      0,
      2,
      0,
      3,
      3,
      3,
      3,
      0,
      3,
      2,
    ],
    Array [
      0,
      1,
      1,
      1,
      1,
      1,
      1,
      1,
      0,
      2,
    ],
    Array [
      0,
      3,
      3,
      3,
      3,
      3,
      3,
      3,
      3,
      3,
    ],
  ],
  "bestPath": true,
  "direction": 2,
  "fruit": Array [
    7,
    9,
  ],
  "grid": Array [
    Array [
      0,
      0,
      0,
      0,
      0,
      0,
      0,
      0,
      0,
      0,
    ],
    Array [
      0,
      0,
      0,
      0,
      0,
      0,
      0,
      0,
      0,
      0,
    ],
    Array [
      0,
      0,
      0,
      0,
      0,
      0,
      0,
      0,
      4,
      3,
    ],
    Array [
      0,
      0,
      0,
      0,
      0,
      0,
      0,
      0,
      0,
      2,
    ],
    Array [
      0,
      0,
      0,
      0,
      0,
      0,
      0,
      0,
      0,
      1,
    ],
    Array [
      0,
      0,
      0,
      0,
      0,
      0,
      0,
      0,
      0,
      0,
    ],
    Array [
      0,
      0,
      0,
      0,
      0,
      0,
      0,
      0,
      0,
      0,
    ],
    Array [
      0,
      0,
      0,
      0,
      0,
      0,
      0,
      0,
      0,
      0,
    ],
    Array [
      0,
      0,
      0,
      0,
      0,
      0,
      0,
      0,
      0,
      0,
    ],
    Array [
      0,
      0,
      0,
      0,
      0,
      0,
      0,
      0,
      0,
      0,
    ],
  ],
  "head": Array [
    9,
    4,
  ],
  "length": 4,
  "snakePath": Array [
    Array [
      8,
      2,
    ],
    Array [
      9,
      2,
    ],
    Array [
      9,
      3,
    ],
    Array [
      9,
      4,
    ],
  ],
}
`;

exports[`Snake data function works - grid 1`] = `
Object {
  "actionGrid": Array [
    Array [
      undefined,
      undefined,
      undefined,
      undefined,
      undefined,
      undefined,
      undefined,
      undefined,
      undefined,
      undefined,
    ],
    Array [
      undefined,
      undefined,
      undefined,
      undefined,
      2,
      3,
      3,
      3,
      undefined,
      undefined,
    ],
    Array [
      undefined,
      undefined,
      undefined,
      undefined,
      1,
      1,
      1,
      0,
      undefined,
      undefined,
    ],
    Array [
      undefined,
      undefined,
      undefined,
      undefined,
      undefined,
      undefined,
      undefined,
      undefined,
      undefined,
      undefined,
    ],
    Array [
      undefined,
      undefined,
      undefined,
      undefined,
      undefined,
      undefined,
      undefined,
      undefined,
      undefined,
      undefined,
    ],
    Array [
      undefined,
      undefined,
      undefined,
      undefined,
      undefined,
      undefined,
      undefined,
      undefined,
      undefined,
      undefined,
    ],
    Array [
      undefined,
      undefined,
      undefined,
      undefined,
      undefined,
      undefined,
      undefined,
      undefined,
      undefined,
      undefined,
    ],
    Array [
      undefined,
      undefined,
      undefined,
      undefined,
      undefined,
      undefined,
      undefined,
      undefined,
      undefined,
      undefined,
    ],
    Array [
      undefined,
      undefined,
      undefined,
      undefined,
      undefined,
      undefined,
      undefined,
      undefined,
      undefined,
      undefined,
    ],
    Array [
      undefined,
      undefined,
      undefined,
      undefined,
      undefined,
      undefined,
      undefined,
      undefined,
      undefined,
      undefined,
    ],
  ],
  "direction": 1,
  "grid": Array [
    Array [
      0,
      0,
      0,
      0,
      0,
      0,
      0,
      0,
      0,
      0,
    ],
    Array [
      0,
      0,
      0,
      0,
      0,
      0,
      0,
      0,
      0,
      0,
    ],
    Array [
      0,
      0,
      0,
      0,
      4,
      3,
      2,
      1,
      0,
      0,
    ],
    Array [
      0,
      0,
      0,
      0,
      0,
      0,
      0,
      0,
      0,
      0,
    ],
    Array [
      0,
      0,
      0,
      0,
      0,
      0,
      0,
      0,
      0,
      0,
    ],
    Array [
      0,
      0,
      0,
      0,
      0,
      0,
      0,
      0,
      0,
      0,
    ],
    Array [
      0,
      0,
      0,
      0,
      0,
      0,
      0,
      0,
      0,
      0,
    ],
    Array [
      0,
      0,
      0,
      0,
      0,
      0,
      0,
      0,
      0,
      0,
    ],
    Array [
      0,
      0,
      0,
      0,
      0,
      0,
      0,
      0,
      0,
      0,
    ],
    Array [
      0,
      0,
      0,
      0,
      0,
      0,
      0,
      0,
      0,
      0,
    ],
  ],
  "longestPath": Array [
    Array [
      4,
      2,
    ],
    Array [
      5,
      2,
    ],
    Array [
      6,
      2,
    ],
    Array [
      7,
      2,
    ],
    Array [
      7,
      2,
    ],
  ],
  "stack": Array [
    Array [
      7,
      1,
    ],
    Array [
      6,
      1,
    ],
    Array [
      5,
      1,
    ],
    Array [
      4,
      1,
    ],
    Array [
      4,
      2,
    ],
  ],
  "visited": Object {
    "4,1": true,
    "4,2": true,
    "5,1": true,
    "5,2": true,
    "6,1": true,
    "6,2": true,
    "7,1": true,
    "7,2": true,
  },
}
`;

exports[`Snake data function works - grid 2`] = `
Object {
  "actionGrid": Array [
    Array [
      undefined,
      undefined,
      undefined,
      undefined,
      undefined,
      undefined,
      undefined,
      undefined,
      undefined,
      undefined,
    ],
    Array [
      undefined,
      undefined,
      undefined,
      undefined,
      2,
      3,
      3,
      3,
      3,
      undefined,
    ],
    Array [
      undefined,
      undefined,
      undefined,
      undefined,
      1,
      1,
      1,
      1,
      0,
      undefined,
    ],
    Array [
      undefined,
      undefined,
      undefined,
      undefined,
      undefined,
      undefined,
      undefined,
      undefined,
      undefined,
      undefined,
    ],
    Array [
      undefined,
      undefined,
      undefined,
      undefined,
      undefined,
      undefined,
      undefined,
      undefined,
      undefined,
      undefined,
    ],
    Array [
      undefined,
      undefined,
      undefined,
      undefined,
      undefined,
      undefined,
      undefined,
      undefined,
      undefined,
      undefined,
    ],
    Array [
      undefined,
      undefined,
      undefined,
      undefined,
      undefined,
      undefined,
      undefined,
      undefined,
      undefined,
      undefined,
    ],
    Array [
      undefined,
      undefined,
      undefined,
      undefined,
      undefined,
      undefined,
      undefined,
      undefined,
      undefined,
      undefined,
    ],
    Array [
      undefined,
      undefined,
      undefined,
      undefined,
      undefined,
      undefined,
      undefined,
      undefined,
      undefined,
      undefined,
    ],
    Array [
      undefined,
      undefined,
      undefined,
      undefined,
      undefined,
      undefined,
      undefined,
      undefined,
      undefined,
      undefined,
    ],
  ],
  "considered": Array [
    Array [
      7,
      2,
    ],
    Array [
      7,
      1,
    ],
  ],
  "direction": 1,
  "grid": Array [
    Array [
      0,
      0,
      0,
      0,
      0,
      0,
      0,
      0,
      0,
      0,
    ],
    Array [
      0,
      0,
      0,
      0,
      0,
      0,
      0,
      0,
      0,
      0,
    ],
    Array [
      0,
      0,
      0,
      0,
      4,
      3,
      2,
      1,
      0,
      0,
    ],
    Array [
      0,
      0,
      0,
      0,
      0,
      0,
      0,
      0,
      0,
      0,
    ],
    Array [
      0,
      0,
      0,
      0,
      0,
      0,
      0,
      0,
      0,
      0,
    ],
    Array [
      0,
      0,
      0,
      0,
      0,
      0,
      0,
      0,
      0,
      0,
    ],
    Array [
      0,
      0,
      0,
      0,
      0,
      0,
      0,
      0,
      0,
      0,
    ],
    Array [
      0,
      0,
      0,
      0,
      0,
      0,
      0,
      0,
      0,
      0,
    ],
    Array [
      0,
      0,
      0,
      0,
      0,
      0,
      0,
      0,
      0,
      0,
    ],
    Array [
      0,
      0,
      0,
      0,
      0,
      0,
      0,
      0,
      0,
      0,
    ],
  ],
  "longestPath": Array [
    Array [
      4,
      2,
    ],
    Array [
      5,
      2,
    ],
    Array [
      6,
      2,
    ],
    Array [
      7,
      2,
    ],
    Array [
      7,
      2,
    ],
  ],
  "stack": Array [
    Array [
      8,
      2,
    ],
    Array [
      8,
      1,
    ],
    Array [
      7,
      1,
    ],
    Array [
      6,
      1,
    ],
    Array [
      5,
      1,
    ],
    Array [
      4,
      1,
    ],
    Array [
      4,
      2,
    ],
  ],
  "visited": Object {
    "4,1": true,
    "4,2": true,
    "5,1": true,
    "5,2": true,
    "6,1": true,
    "6,2": true,
    "7,1": true,
    "7,2": true,
    "8,1": true,
    "8,2": true,
  },
}
`;

exports[`Snake data function works - grid 3`] = `
Object {
  "actionGrid": Array [
    Array [
      undefined,
      undefined,
      undefined,
      undefined,
      undefined,
      undefined,
      undefined,
      undefined,
      undefined,
      undefined,
    ],
    Array [
      undefined,
      undefined,
      undefined,
      undefined,
      2,
      3,
      3,
      3,
      3,
      undefined,
    ],
    Array [
      undefined,
      undefined,
      undefined,
      undefined,
      1,
      1,
      1,
      2,
      0,
      undefined,
    ],
    Array [
      undefined,
      undefined,
      undefined,
      undefined,
      undefined,
      undefined,
      undefined,
      1,
      0,
      undefined,
    ],
    Array [
      undefined,
      undefined,
      undefined,
      undefined,
      undefined,
      undefined,
      undefined,
      undefined,
      undefined,
      undefined,
    ],
    Array [
      undefined,
      undefined,
      undefined,
      undefined,
      undefined,
      undefined,
      undefined,
      undefined,
      undefined,
      undefined,
    ],
    Array [
      undefined,
      undefined,
      undefined,
      undefined,
      undefined,
      undefined,
      undefined,
      undefined,
      undefined,
      undefined,
    ],
    Array [
      undefined,
      undefined,
      undefined,
      undefined,
      undefined,
      undefined,
      undefined,
      undefined,
      undefined,
      undefined,
    ],
    Array [
      undefined,
      undefined,
      undefined,
      undefined,
      undefined,
      undefined,
      undefined,
      undefined,
      undefined,
      undefined,
    ],
    Array [
      undefined,
      undefined,
      undefined,
      undefined,
      undefined,
      undefined,
      undefined,
      undefined,
      undefined,
      undefined,
    ],
  ],
  "considered": Array [
    Array [
      7,
      2,
    ],
    Array [
      8,
      2,
    ],
  ],
  "direction": 1,
  "grid": Array [
    Array [
      0,
      0,
      0,
      0,
      0,
      0,
      0,
      0,
      0,
      0,
    ],
    Array [
      0,
      0,
      0,
      0,
      0,
      0,
      0,
      0,
      0,
      0,
    ],
    Array [
      0,
      0,
      0,
      0,
      4,
      3,
      2,
      1,
      0,
      0,
    ],
    Array [
      0,
      0,
      0,
      0,
      0,
      0,
      0,
      0,
      0,
      0,
    ],
    Array [
      0,
      0,
      0,
      0,
      0,
      0,
      0,
      0,
      0,
      0,
    ],
    Array [
      0,
      0,
      0,
      0,
      0,
      0,
      0,
      0,
      0,
      0,
    ],
    Array [
      0,
      0,
      0,
      0,
      0,
      0,
      0,
      0,
      0,
      0,
    ],
    Array [
      0,
      0,
      0,
      0,
      0,
      0,
      0,
      0,
      0,
      0,
    ],
    Array [
      0,
      0,
      0,
      0,
      0,
      0,
      0,
      0,
      0,
      0,
    ],
    Array [
      0,
      0,
      0,
      0,
      0,
      0,
      0,
      0,
      0,
      0,
    ],
  ],
  "longestPath": Array [
    Array [
      4,
      2,
    ],
    Array [
      5,
      2,
    ],
    Array [
      6,
      2,
    ],
    Array [
      7,
      2,
    ],
    Array [
      7,
      2,
    ],
  ],
  "stack": Array [
    Array [
      7,
      3,
    ],
    Array [
      8,
      3,
    ],
    Array [
      8,
      2,
    ],
    Array [
      8,
      1,
    ],
    Array [
      7,
      1,
    ],
    Array [
      6,
      1,
    ],
    Array [
      5,
      1,
    ],
    Array [
      4,
      1,
    ],
    Array [
      4,
      2,
    ],
  ],
  "visited": Object {
    "4,1": true,
    "4,2": true,
    "5,1": true,
    "5,2": true,
    "6,1": true,
    "6,2": true,
    "7,1": true,
    "7,2": true,
    "7,3": true,
    "8,1": true,
    "8,2": true,
    "8,3": true,
  },
}
`;

exports[`Snake data function works - grid 4`] = `
Object {
  "actionGrid": Array [
    Array [
      undefined,
      undefined,
      undefined,
      undefined,
      undefined,
      undefined,
      undefined,
      undefined,
      undefined,
      undefined,
    ],
    Array [
      undefined,
      undefined,
      undefined,
      undefined,
      2,
      3,
      3,
      3,
      3,
      undefined,
    ],
    Array [
      undefined,
      undefined,
      undefined,
      undefined,
      1,
      1,
      1,
      2,
      0,
      undefined,
    ],
    Array [
      undefined,
      undefined,
      undefined,
      undefined,
      undefined,
      undefined,
      undefined,
      1,
      0,
      undefined,
    ],
    Array [
      undefined,
      undefined,
      undefined,
      undefined,
      undefined,
      undefined,
      undefined,
      undefined,
      undefined,
      undefined,
    ],
    Array [
      undefined,
      undefined,
      undefined,
      undefined,
      undefined,
      undefined,
      undefined,
      undefined,
      undefined,
      undefined,
    ],
    Array [
      undefined,
      undefined,
      undefined,
      undefined,
      undefined,
      undefined,
      undefined,
      undefined,
      undefined,
      undefined,
    ],
    Array [
      undefined,
      undefined,
      undefined,
      undefined,
      undefined,
      undefined,
      undefined,
      undefined,
      undefined,
      undefined,
    ],
    Array [
      undefined,
      undefined,
      undefined,
      undefined,
      undefined,
      undefined,
      undefined,
      undefined,
      undefined,
      undefined,
    ],
    Array [
      undefined,
      undefined,
      undefined,
      undefined,
      undefined,
      undefined,
      undefined,
      undefined,
      undefined,
      undefined,
    ],
  ],
  "considered": Array [
    Array [
      7,
      2,
    ],
    Array [
      7,
      3,
    ],
  ],
  "direction": 1,
  "grid": Array [
    Array [
      0,
      0,
      0,
      0,
      0,
      0,
      0,
      0,
      0,
      0,
    ],
    Array [
      0,
      0,
      0,
      0,
      0,
      0,
      0,
      0,
      0,
      0,
    ],
    Array [
      0,
      0,
      0,
      0,
      4,
      3,
      2,
      1,
      0,
      0,
    ],
    Array [
      0,
      0,
      0,
      0,
      0,
      0,
      0,
      0,
      0,
      0,
    ],
    Array [
      0,
      0,
      0,
      0,
      0,
      0,
      0,
      0,
      0,
      0,
    ],
    Array [
      0,
      0,
      0,
      0,
      0,
      0,
      0,
      0,
      0,
      0,
    ],
    Array [
      0,
      0,
      0,
      0,
      0,
      0,
      0,
      0,
      0,
      0,
    ],
    Array [
      0,
      0,
      0,
      0,
      0,
      0,
      0,
      0,
      0,
      0,
    ],
    Array [
      0,
      0,
      0,
      0,
      0,
      0,
      0,
      0,
      0,
      0,
    ],
    Array [
      0,
      0,
      0,
      0,
      0,
      0,
      0,
      0,
      0,
      0,
    ],
  ],
  "longestPath": Array [
    Array [
      4,
      2,
    ],
    Array [
      5,
      2,
    ],
    Array [
      6,
      2,
    ],
    Array [
      7,
      2,
    ],
    Array [
      7,
      2,
    ],
    Array [
      7,
      3,
    ],
  ],
  "stack": Array [
    Array [
      8,
      3,
    ],
    Array [
      8,
      2,
    ],
    Array [
      8,
      1,
    ],
    Array [
      7,
      1,
    ],
    Array [
      6,
      1,
    ],
    Array [
      5,
      1,
    ],
    Array [
      4,
      1,
    ],
    Array [
      4,
      2,
    ],
  ],
  "visited": Object {
    "4,1": true,
    "4,2": true,
    "5,1": true,
    "5,2": true,
    "6,1": true,
    "6,2": true,
    "7,1": true,
    "7,2": true,
    "7,3": true,
    "8,1": true,
    "8,2": true,
    "8,3": true,
  },
}
`;

exports[`Snake data function works - grid 5`] = `
Object {
  "actionGrid": Array [
    Array [
      undefined,
      undefined,
      undefined,
      undefined,
      undefined,
      undefined,
      undefined,
      undefined,
      undefined,
      undefined,
    ],
    Array [
      undefined,
      undefined,
      undefined,
      undefined,
      2,
      3,
      3,
      3,
      3,
      undefined,
    ],
    Array [
      undefined,
      undefined,
      undefined,
      undefined,
      1,
      1,
      1,
      2,
      0,
      undefined,
    ],
    Array [
      undefined,
      undefined,
      undefined,
      undefined,
      undefined,
      undefined,
      undefined,
      2,
      0,
      undefined,
    ],
    Array [
      undefined,
      undefined,
      undefined,
      undefined,
      undefined,
      undefined,
      undefined,
      1,
      0,
      undefined,
    ],
    Array [
      undefined,
      undefined,
      undefined,
      undefined,
      undefined,
      undefined,
      undefined,
      undefined,
      undefined,
      undefined,
    ],
    Array [
      undefined,
      undefined,
      undefined,
      undefined,
      undefined,
      undefined,
      undefined,
      undefined,
      undefined,
      undefined,
    ],
    Array [
      undefined,
      undefined,
      undefined,
      undefined,
      undefined,
      undefined,
      undefined,
      undefined,
      undefined,
      undefined,
    ],
    Array [
      undefined,
      undefined,
      undefined,
      undefined,
      undefined,
      undefined,
      undefined,
      undefined,
      undefined,
      undefined,
    ],
    Array [
      undefined,
      undefined,
      undefined,
      undefined,
      undefined,
      undefined,
      undefined,
      undefined,
      undefined,
      undefined,
    ],
  ],
  "considered": Array [
    Array [
      7,
      3,
    ],
    Array [
      8,
      3,
    ],
  ],
  "direction": 1,
  "grid": Array [
    Array [
      0,
      0,
      0,
      0,
      0,
      0,
      0,
      0,
      0,
      0,
    ],
    Array [
      0,
      0,
      0,
      0,
      0,
      0,
      0,
      0,
      0,
      0,
    ],
    Array [
      0,
      0,
      0,
      0,
      4,
      3,
      2,
      1,
      0,
      0,
    ],
    Array [
      0,
      0,
      0,
      0,
      0,
      0,
      0,
      0,
      0,
      0,
    ],
    Array [
      0,
      0,
      0,
      0,
      0,
      0,
      0,
      0,
      0,
      0,
    ],
    Array [
      0,
      0,
      0,
      0,
      0,
      0,
      0,
      0,
      0,
      0,
    ],
    Array [
      0,
      0,
      0,
      0,
      0,
      0,
      0,
      0,
      0,
      0,
    ],
    Array [
      0,
      0,
      0,
      0,
      0,
      0,
      0,
      0,
      0,
      0,
    ],
    Array [
      0,
      0,
      0,
      0,
      0,
      0,
      0,
      0,
      0,
      0,
    ],
    Array [
      0,
      0,
      0,
      0,
      0,
      0,
      0,
      0,
      0,
      0,
    ],
  ],
  "longestPath": Array [
    Array [
      4,
      2,
    ],
    Array [
      5,
      2,
    ],
    Array [
      6,
      2,
    ],
    Array [
      7,
      2,
    ],
    Array [
      7,
      2,
    ],
    Array [
      7,
      3,
    ],
  ],
  "stack": Array [
    Array [
      7,
      4,
    ],
    Array [
      8,
      4,
    ],
    Array [
      8,
      3,
    ],
    Array [
      8,
      2,
    ],
    Array [
      8,
      1,
    ],
    Array [
      7,
      1,
    ],
    Array [
      6,
      1,
    ],
    Array [
      5,
      1,
    ],
    Array [
      4,
      1,
    ],
    Array [
      4,
      2,
    ],
  ],
  "visited": Object {
    "4,1": true,
    "4,2": true,
    "5,1": true,
    "5,2": true,
    "6,1": true,
    "6,2": true,
    "7,1": true,
    "7,2": true,
    "7,3": true,
    "7,4": true,
    "8,1": true,
    "8,2": true,
    "8,3": true,
    "8,4": true,
  },
}
`;

exports[`Snake data function works - snake 1`] = `
Object {
  "behindTail": Array [
    3,
    2,
  ],
  "direction": 1,
  "frontOfSnake": Array [
    8,
    2,
  ],
  "grid": Array [
    Array [
      0,
      0,
      0,
      0,
      0,
      0,
      0,
      0,
      0,
      0,
    ],
    Array [
      0,
      0,
      0,
      0,
      0,
      0,
      0,
      0,
      0,
      0,
    ],
    Array [
      0,
      0,
      0,
      0,
      4,
      3,
      2,
      1,
      0,
      0,
    ],
    Array [
      0,
      0,
      0,
      0,
      0,
      0,
      0,
      0,
      0,
      0,
    ],
    Array [
      0,
      0,
      0,
      0,
      0,
      0,
      0,
      0,
      0,
      0,
    ],
    Array [
      0,
      0,
      0,
      0,
      0,
      0,
      0,
      0,
      0,
      0,
    ],
    Array [
      0,
      0,
      0,
      0,
      0,
      0,
      0,
      0,
      0,
      0,
    ],
    Array [
      0,
      0,
      0,
      0,
      0,
      0,
      0,
      0,
      0,
      0,
    ],
    Array [
      0,
      0,
      0,
      0,
      0,
      0,
      0,
      0,
      0,
      0,
    ],
    Array [
      0,
      0,
      0,
      0,
      0,
      0,
      0,
      0,
      0,
      0,
    ],
  ],
  "head": Array [
    7,
    2,
  ],
  "length": 4,
  "snakePath": Array [
    Array [
      4,
      2,
    ],
    Array [
      5,
      2,
    ],
    Array [
      6,
      2,
    ],
    Array [
      7,
      2,
    ],
  ],
  "tail": Array [
    4,
    2,
  ],
}
`;
